Analyzing ebzim-app...

  error - lib\screens\activities_screen.dart:66:32 - Undefined name 'GoogleFonts'. Try correcting the name to one that is defined, or defining the name. - undefined_identifier
  error - lib\screens\dashboard_screen.dart:74:36 - The method '_accentColor' isn't defined for the type 'DashboardScreen'. Try correcting the name to the name of an existing method, or defining a method named '_accentColor'. - undefined_method
  error - lib\screens\leadership_screen.dart:49:30 - Undefined name 'GoogleFonts'. Try correcting the name to one that is defined, or defining the name. - undefined_identifier
  error - lib\screens\leadership_screen.dart:106:55 - Undefined name 'GoogleFonts'. Try correcting the name to one that is defined, or defining the name. - undefined_identifier
  error - lib\screens\leadership_screen.dart:192:39 - Undefined name 'GoogleFonts'. Try correcting the name to one that is defined, or defining the name. - undefined_identifier
  error - lib\screens\leadership_screen.dart:247:87 - Undefined name 'GoogleFonts'. Try correcting the name to one that is defined, or defining the name. - undefined_identifier
  error - lib\screens\login_screen.dart:66:65 - Undefined name 'isDark'. Try correcting the name to one that is defined, or defining the name. - undefined_identifier
  error - lib\screens\login_screen.dart:84:36 - Undefined name 'isDark'. Try correcting the name to one that is defined, or defining the name. - undefined_identifier
  error - lib\screens\login_screen.dart:85:55 - Undefined name 'isDark'. Try correcting the name to one that is defined, or defining the name. - undefined_identifier
  error - lib\screens\login_screen.dart:121:38 - Undefined name 'isDark'. Try correcting the name to one that is defined, or defining the name. - undefined_identifier
  error - lib\screens\login_screen.dart:123:57 - Undefined name 'isDark'. Try correcting the name to one that is defined, or defining the name. - undefined_identifier
  error - lib\screens\login_screen.dart:125:81 - Undefined name 'isDark'. Try correcting the name to one that is defined, or defining the name. - undefined_identifier
  error - lib\screens\membership_flow_screen.dart:224:88 - Undefined name 'context'. Try correcting the name to one that is defined, or defining the name. - undefined_identifier
  error - lib\screens\membership_flow_screen.dart:320:88 - Undefined name 'context'. Try correcting the name to one that is defined, or defining the name. - undefined_identifier
  error - lib\screens\news_screen.dart:60:25 - Undefined name 'lang'. Try correcting the name to one that is defined, or defining the name. - undefined_identifier
  error - lib\screens\news_screen.dart:61:32 - Undefined name 'GoogleFonts'. Try correcting the name to one that is defined, or defining the name. - undefined_identifier
  error - lib\screens\news_screen.dart:69:25 - Undefined name 'lang'. Try correcting the name to one that is defined, or defining the name. - undefined_identifier
  error - lib\screens\news_screen.dart:98:29 - Undefined name 'lang'. Try correcting the name to one that is defined, or defining the name. - undefined_identifier
  error - lib\screens\news_screen.dart:130:11 - Undefined name 'newsAsync'. Try correcting the name to one that is defined, or defining the name. - undefined_identifier
  error - lib\screens\news_screen.dart:147:27 - Undefined name 'lang'. Try correcting the name to one that is defined, or defining the name. - undefined_identifier
  error - lib\screens\news_screen.dart:164:60 - Undefined name 'lang'. Try correcting the name to one that is defined, or defining the name. - undefined_identifier
  error - lib\screens\news_screen.dart:194:35 - Undefined name 'lang'. Try correcting the name to one that is defined, or defining the name. - undefined_identifier
  error - lib\screens\notifications_screen.dart:25:24 - Undefined name 'theme'. Try correcting the name to one that is defined, or defining the name. - undefined_identifier
  error - lib\screens\profile_screen.dart:25:23 - Undefined name 'isDark'. Try correcting the name to one that is defined, or defining the name. - undefined_identifier
  error - lib\screens\profile_screen.dart:25:47 - Undefined name 'theme'. Try correcting the name to one that is defined, or defining the name. - undefined_identifier
  error - lib\screens\profile_screen.dart:29:24 - Undefined name 'theme'. Try correcting the name to one that is defined, or defining the name. - undefined_identifier
  error - lib\screens\profile_screen.dart:88:56 - Undefined name 'isDark'. Try correcting the name to one that is defined, or defining the name. - undefined_identifier
  error - lib\screens\profile_screen.dart:101:58 - Undefined name 'isDark'. Try correcting the name to one that is defined, or defining the name. - undefined_identifier
  error - lib\screens\profile_screen.dart:119:34 - Undefined name 'theme'. Try correcting the name to one that is defined, or defining the name. - undefined_identifier
  error - lib\screens\profile_screen.dart:151:46 - Undefined name 'isDark'. Try correcting the name to one that is defined, or defining the name. - undefined_identifier
  error - lib\screens\profile_screen.dart:158:48 - Undefined name 'isDark'. Try correcting the name to one that is defined, or defining the name. - undefined_identifier
  error - lib\screens\profile_screen.dart:202:52 - Undefined name 'theme'. Try correcting the name to one that is defined, or defining the name. - undefined_identifier
  error - lib\screens\profile_screen.dart:206:52 - Undefined name 'theme'. Try correcting the name to one that is defined, or defining the name. - undefined_identifier
  error - lib\screens\profile_screen.dart:292:68 - Undefined name 'theme'. Try correcting the name to one that is defined, or defining the name. - undefined_identifier
  error - lib\screens\register_screen.dart:116:34 - Undefined name 'isDark'. Try correcting the name to one that is defined, or defining the name. - undefined_identifier
  error - lib\screens\register_screen.dart:178:38 - Undefined name 'isDark'. Try correcting the name to one that is defined, or defining the name. - undefined_identifier
  error - lib\screens\register_screen.dart:181:40 - Undefined name 'isDark'. Try correcting the name to one that is defined, or defining the name. - undefined_identifier
  error - lib\screens\register_screen.dart:378:20 - Undefined name 'isDark'. Try correcting the name to one that is defined, or defining the name. - undefined_identifier
  error - lib\screens\register_screen.dart:380:39 - Undefined name 'isDark'. Try correcting the name to one that is defined, or defining the name. - undefined_identifier
warning - lib\core\common_widgets\ebzim_app_bar.dart:4:8 - Unused import: 'package:ebzim_app/core/theme/app_theme.dart'. Try removing the import directive. - unused_import
warning - lib\core\widgets\main_shell_screen.dart:8:7 - The declaration '_kNavBg' isn't referenced. Try removing the declaration of '_kNavBg'. - unused_element
warning - lib\screens\about_screen.dart:4:8 - Unused import: 'package:go_router/go_router.dart'. Try removing the import directive. - unused_import
warning - lib\screens\dashboard_screen.dart:4:8 - Unused import: 'package:ebzim_app/core/theme/app_theme.dart'. Try removing the import directive. - unused_import
warning - lib\screens\membership_flow_screen.dart:57:11 - The value of the local variable 'isDark' isn't used. Try removing the variable or using it. - unused_local_variable
warning - lib\widgets\digital_id_card.dart:3:8 - Unused import: 'package:ebzim_app/core/theme/app_theme.dart'. Try removing the import directive. - unused_import
   info - lib\core\services\auth_service.dart:32:5 - Don't invoke 'print' in production code. Try using a logging framework. - avoid_print
   info - lib\core\services\auth_service.dart:35:7 - Don't invoke 'print' in production code. Try using a logging framework. - avoid_print
   info - lib\core\services\auth_service.dart:37:9 - Don't invoke 'print' in production code. Try using a logging framework. - avoid_print
   info - lib\core\services\auth_service.dart:39:9 - Don't invoke 'print' in production code. Try using a logging framework. - avoid_print
   info - lib\core\services\auth_service.dart:42:9 - Don't invoke 'print' in production code. Try using a logging framework. - avoid_print
   info - lib\core\services\auth_service.dart:46:7 - Don't invoke 'print' in production code. Try using a logging framework. - avoid_print
   info - lib\core\services\auth_service.dart:55:5 - Don't invoke 'print' in production code. Try using a logging framework. - avoid_print
   info - lib\core\services\auth_service.dart:56:5 - Don't invoke 'print' in production code. Try using a logging framework. - avoid_print
   info - lib\core\services\auth_service.dart:57:5 - Don't invoke 'print' in production code. Try using a logging framework. - avoid_print
   info - lib\core\services\auth_service.dart:68:7 - Don't invoke 'print' in production code. Try using a logging framework. - avoid_print
   info - lib\core\services\auth_service.dart:78:9 - Don't invoke 'print' in production code. Try using a logging framework. - avoid_print
   info - lib\core\services\auth_service.dart:80:9 - Don't invoke 'print' in production code. Try using a logging framework. - avoid_print
   info - lib\core\services\auth_service.dart:84:7 - Don't invoke 'print' in production code. Try using a logging framework. - avoid_print
   info - lib\core\services\auth_service.dart:85:7 - Don't invoke 'print' in production code. Try using a logging framework. - avoid_print
   info - lib\core\services\auth_service.dart:86:7 - Don't invoke 'print' in production code. Try using a logging framework. - avoid_print
   info - lib\core\services\auth_service.dart:87:7 - Don't invoke 'print' in production code. Try using a logging framework. - avoid_print
   info - lib\core\services\auth_service.dart:88:7 - Don't invoke 'print' in production code. Try using a logging framework. - avoid_print
   info - lib\core\services\auth_service.dart:100:7 - Don't invoke 'print' in production code. Try using a logging framework. - avoid_print
   info - lib\screens\forgot_password_screen.dart:21:8 - The private field _isSubmitted could be 'final'. Try making the field 'final'. - prefer_final_fields
   info - lib\screens\profile_screen.dart:134:38 - Unnecessary use of multiple underscores. Try using '_'. - unnecessary_underscores
   info - lib\screens\settings_screen.dart:70:29 - 'activeColor' is deprecated and shouldn't be used. Use activeThumbColor or activeTrackColor instead. This feature was deprecated after v3.31.0-2.0.pre. Try replacing the use of the deprecated member with the replacement. - deprecated_member_use

66 issues found.
